// Jest Snapshot v1, https://goo.gl/fbAQLP

exports[`Overview Section displays content 1`] = `
.c3.c3 {
  display: grid;
  grid-gap: 0.5rem;
  grid-template-columns: min-content 1fr;
  grid-auto-rows: auto;
}

.c3.c3 dt {
  width: 12rem;
  color: #9e9e9e;
}

.c0.c0 {
  display: grid;
  grid-template-columns: repeat(12,1fr);
  -webkit-column-gap: 1rem;
  column-gap: 1rem;
  row-gap: 2rem;
  position: relative;
  margin: 0 -6rem;
  padding: 6rem;
  margin-bottom: 6rem;
  background-color: #ffffff;
}

.c0.c0 > *,
.c0.c0 h3 {
  color: #262a31;
}

.c1.c1 {
  position: absolute;
  top: -80px;
}

.c2.c2 {
  grid-column: 1 / span 8;
}

.c2.c2 > *,
.c2.c2 h3 {
  color: #262a31;
}

.c4.c4 {
  grid-column: 10 / span 3;
}

.c4.c4 > *,
.c4.c4 h3 {
  color: #262a31;
}

<section
  className="c0"
  data-cy="unique-id-section"
  mode="lightTheme"
>
  <div
    className="c1"
    id="unique-id"
  />
  <span
    style={
      Object {
        "border": 0,
        "clip": "rect(0 0 0 0)",
        "height": "1px",
        "margin": "-1px",
        "overflow": "hidden",
        "padding": 0,
        "position": "absolute",
        "whiteSpace": "nowrap",
        "width": "1px",
        "wordWrap": "normal",
      }
    }
  >
    <div
      style={
        Object {
          "alignSelf": "end",
          "gridColumn": "1 / span 7",
        }
      }
    >
      <a
        href="#unique-id"
      >
        <h2>
          Overview
        </h2>
      </a>
    </div>
  </span>
  <div
    className="c2"
    mode="lightTheme"
  >
    <h3>
      Instrument Details
    </h3>
    <section
      data-cy="instrument-definition-list"
      style={
        Object {
          "padding": "1rem",
        }
      }
    >
      <dl
        className="c3"
      >
        <dt>
          <label
            style={
              Object {
                "color": "#5f5f5f",
              }
            }
          >
            Measurement Type
          </label>
        </dt>
        <dd
          style={Object {}}
        >
          test
        </dd>
        <dt>
          <label
            style={
              Object {
                "color": "#5f5f5f",
              }
            }
          >
            Measurement/Variables
          </label>
        </dt>
        <dd
          style={Object {}}
        >
          test, test, test, test, test
        </dd>
        <dt>
          <label
            style={
              Object {
                "color": "#5f5f5f",
              }
            }
          >
            Measurement Regions
          </label>
        </dt>
        <dd
          style={Object {}}
        >
          test, test2
        </dd>
        <dt>
          <label
            style={
              Object {
                "color": "#5f5f5f",
              }
            }
          >
            Temporal Resolution
          </label>
        </dt>
        <dd
          style={Object {}}
        >
          test
        </dd>
        <dt>
          <label
            style={
              Object {
                "color": "#5f5f5f",
              }
            }
          >
            Spatial Resolution
          </label>
        </dt>
        <dd
          style={Object {}}
        >
          test
        </dd>
        <dt>
          <label
            style={
              Object {
                "color": "#5f5f5f",
              }
            }
          >
            Measurement Frequency
          </label>
        </dt>
        <dd
          style={Object {}}
        >
          test
        </dd>
        <dt>
          <label
            style={
              Object {
                "color": "#5f5f5f",
              }
            }
          >
            Calibration Details
          </label>
        </dt>
        <dd
          style={Object {}}
        >
          <a
            data-cy="calibration-doi-link"
            href="http://dx.doi.org/10.5067/calibration"
            rel="noopener noreferrer"
            style={
              Object {
                "color": "#15418c",
              }
            }
            target="_blank"
          >
            http://dx.doi.org/10.5067/calibration
          </a>
        </dd>
        <dt>
          <label
            style={
              Object {
                "color": "#5f5f5f",
              }
            }
          >
            Online Information
          </label>
        </dt>
        <dd
          style={Object {}}
        >
          <ul
            style={
              Object {
                "margin": "0",
              }
            }
          >
            <li
              style={
                Object {
                  "listStyle": "none",
                }
              }
            >
              <a
                data-cy="online-information-link"
                href="http://www.example.com"
                rel="noopener noreferrer"
                style={
                  Object {
                    "color": "#15418c",
                  }
                }
                target="_blank"
              >
                http://www.example.com
              </a>
            </li>
          </ul>
        </dd>
      </dl>
    </section>
  </div>
  <div
    className="c4"
    mode="lightTheme"
  >
    <ul
      data-cy="instrument-background"
      style={
        Object {
          "listStyle": "none",
          "margin": 0,
        }
      }
    >
      <li
        data-cy="lead-investigator-label"
        style={
          Object {
            "padding": "1rem 0",
          }
        }
      >
        <label
          style={
            Object {
              "color": "#5f5f5f",
            }
          }
        >
          Lead Investigator
        </label>
        <p>
          test
        </p>
      </li>
      <li
        data-cy="technical-contact-label"
        style={
          Object {
            "padding": "1rem 0",
          }
        }
      >
        <label
          style={
            Object {
              "color": "#5f5f5f",
            }
          }
        >
          Technical Contact
        </label>
        <p>
          test
        </p>
      </li>
      <li
        data-cy="instrument-manufacturer-label"
        style={
          Object {
            "padding": "1rem 0",
          }
        }
      >
        <label
          style={
            Object {
              "color": "#5f5f5f",
            }
          }
        >
          Instrument Maker
        </label>
        <p>
          test
        </p>
      </li>
      <li
        data-cy="funding-source-label"
        style={
          Object {
            "padding": "1rem 0",
          }
        }
      >
        <label
          style={
            Object {
              "color": "#5f5f5f",
            }
          }
        >
          Funding Source
        </label>
        <p>
          test
        </p>
      </li>
      <div
        style={
          Object {
            "padding": "1rem 0",
          }
        }
      >
        <p
          style={
            Object {
              "overflow": "hidden",
              "textOverflow": "ellipsis",
              "whiteSpace": "nowrap",
            }
          }
        >
          DOI:
           
          <a
            data-cy="instrument-doi-link"
            href="http://dx.doi.org/10.5067/instrument"
            rel="noopener noreferrer"
            style={
              Object {
                "color": "#aac9ff",
              }
            }
            target="_blank"
          >
            http://dx.doi.org/10.5067/instrument
          </a>
        </p>
      </div>
      <li
        data-cy="data-locations-label"
        style={
          Object {
            "padding": "1rem 0",
          }
        }
      >
        <label
          style={
            Object {
              "color": "#5f5f5f",
            }
          }
        >
          Data Locations
        </label>
        <p>
          N/A
        </p>
      </li>
      <li
        data-cy="repositories-label"
        style={
          Object {
            "padding": "1rem 0",
          }
        }
      >
        <label
          style={
            Object {
              "color": "#5f5f5f",
            }
          }
        >
          Repositories
        </label>
        <ul
          data-cy="repository-list"
          style={
            Object {
              "listStyle": "none",
              "margin": 0,
            }
          }
        >
          <li
            style={
              Object {
                "padding": 0,
              }
            }
          >
            <a
              data-cy="test-link"
              href="http://www.example.com"
              rel="noopener noreferrer"
              style={
                Object {
                  "color": "#15418c",
                }
              }
              target="_blank"
            >
              test
            </a>
          </li>
          <li
            style={
              Object {
                "padding": 0,
              }
            }
          >
            <a
              data-cy="test2-link"
              href="http://www.example.com"
              rel="noopener noreferrer"
              style={
                Object {
                  "color": "#15418c",
                }
              }
              target="_blank"
            >
              test2
            </a>
          </li>
        </ul>
      </li>
    </ul>
  </div>
</section>
`;
