// Jest Snapshot v1, https://goo.gl/fbAQLP

exports[`Focus Section displays content 1`] = `
<section
  className="section__Container-sc-1oozlr5-0 bIfvkW"
  data-cy="focus-section"
  mode="darkTheme"
>
  <div
    className="section__Buffer-sc-1oozlr5-1 eTpLgr"
    id="focus"
  />
  <div
    className="section-header___StyledDiv-sc-1i4pe2i-0 SXaMi"
    data-cy="focus-section-header"
  >
    <a
      href="#focus"
    >
      <h2>
        Focus
      </h2>
    </a>
  </div>
  <div
    className="section__SectionContent-sc-1oozlr5-2 focus-section___StyledSectionContent-sc-tyy683-1 ivTKjv hFoHvE"
    mode="darkTheme"
  >
    <div
      data-cy="focus-content"
    >
      <label
        className="label___StyledLabel-sc-b3994k-0 JLqlD"
        data-cy="focus-content-label"
      >
        Focus Area
      </label>
      <div
        className="focus-area-gallery___StyledDiv-sc-1sdjxri-1 cAgvLl"
      >
        <a
          className="focus-area-gallery___StyledLink-sc-1sdjxri-0 cynSCt"
          data-cy="focus-area"
          href="/focus/Carbon Cycle & Ecosystems"
          state={
            {
              "selectedFilterId": "f1bd646f-876f-4e9f-896e-f7d4571ecc00",
            }
          }
        >
          <svg
            height="60"
            viewBox="0 0 120 120"
            width="60"
            xmlns="http://www.w3.org/2000/svg"
          >
            <path
              d="M77.955 2.762l1.533.505-.766 2.224C66.985 1.449 54.25 1.27 42.19 5.189c-1.356.44-2.685.927-3.984 1.456a11.85 11.85 0 01.25 6.282c-1.48 6.411-7.878 10.41-14.29 8.929a11.864 11.864 0 01-5.024-2.518C4.4 34.175-1.72 56.545 5.19 77.81l.206.617h9.791v-16.97l-4.55 4.554c-.393.394-.996.45-1.45.169l-.213-.169a1.177 1.177 0 01-.168-1.45l.168-.213 6.417-6.417c.248-.247.578-.362.903-.342l.07-.002c.498 0 .924.31 1.095.747l6.012 6.014a1.176 1.176 0 01-1.45 1.832l-.213-.169-4.269-4.268v16.684h28.544V60.028a13.796 13.796 0 01-3.38-.986l-.397-.18-.845-.438-.664.4a10.892 10.892 0 01-4.497 1.343l-.802.03c-6.064 0-10.978-4.915-10.978-10.978S29.434 38.24 35.497 38.24c.235 0 .471.008.707.024l.63.059.53-.712a13.88 13.88 0 0110.018-5.225l.856-.027a13.92 13.92 0 0113.238 9.621l.084.29.405-.055.324-.03.651-.024a9.016 9.016 0 019.017 9.017 9.015 9.015 0 01-9.017 9.017 8.973 8.973 0 01-6.318-2.595l-.135-.141-.385.29a13.807 13.807 0 01-7.012 2.42l-.656.02v18.236l66.176.001c3.837-11.342 4.185-23.973.2-36.236-2.749-8.463-7.327-16.023-13.374-22.265l-1.228-1.23 1.639-1.688c6.93 6.734 12.149 15.063 15.2 24.456 10.238 31.507-7.004 65.347-38.511 75.584-31.507 10.237-65.347-7.005-75.584-38.512C-7.285 47.029 9.957 13.189 41.464 2.952c12.027-3.908 24.704-3.9 36.491-.19zM46.17 80.779H6.243c10.462 27.136 39.605 42.194 67.73 35.135l.016-11.328-4.545 4.55c-.393.393-.997.45-1.45.168l-.213-.168a1.177 1.177 0 01-.169-1.451l.17-.213 6.416-6.416c.247-.248.578-.362.902-.343l.07-.002c.498 0 .924.31 1.096.747l6.011 6.014a1.176 1.176 0 01-1.45 1.832l-.213-.168-4.273-4.273-.016 10.408c.495-.146.99-.3 1.484-.46 17.154-5.574 29.907-18.43 35.948-34.032H48.634a22.286 22.286 0 00.979 6.97c.714 2.333 2.654 3.928 5.982 4.805a1.176 1.176 0 01-.6 2.275c-3.911-1.03-6.465-3.052-7.519-6.047a27.157 27.157 0 01-.985 2.785c-1.775 4.271-6.393 7.07-13.716 8.491a1.176 1.176 0 01-.448-2.31c6.627-1.285 10.577-3.679 11.991-7.084 1.34-3.226 1.957-6.518 1.851-9.885zm13.755 31.608a1.96 1.96 0 11-3.769 1.08 1.96 1.96 0 013.769-1.08zm-.54-9.726a3.92 3.92 0 11-7.538 2.162 3.92 3.92 0 017.538-2.162zm-19.063 1.885a1.96 1.96 0 11-3.768 1.08 1.96 1.96 0 013.768-1.08zm14.862-2.312a1.568 1.568 0 10.864 3.015 1.568 1.568 0 00-.864-3.015zm-7.02-1.609a1.96 1.96 0 11-3.77 1.08 1.96 1.96 0 013.77-1.08zm39.205-3.92a1.96 1.96 0 11-3.77 1.08 1.96 1.96 0 013.77-1.08zm11.761 0a1.96 1.96 0 11-3.769 1.08 1.96 1.96 0 013.77-1.08zm-74.49-3.921a1.96 1.96 0 11-3.768 1.08 1.96 1.96 0 013.768-1.08zm50.967 0a1.96 1.96 0 11-3.769 1.08 1.96 1.96 0 013.769-1.08zm-39.205-3.92a1.96 1.96 0 11-3.769 1.08 1.96 1.96 0 013.769-1.08zm58.808-3.921a1.96 1.96 0 11-3.77 1.08 1.96 1.96 0 013.77-1.08zm5.18-41.721l.283.036 5.543 1.396a1.176 1.176 0 01-.305 2.317l-.27-.036-1.959-.495c2.12 3.586 2.058 8.358-.42 11.935a10.89 10.89 0 01-9.46 4.684 1.176 1.176 0 11.105-2.35 8.539 8.539 0 007.421-3.673c1.938-2.796 1.987-6.547.357-9.35l.088 2.384a1.177 1.177 0 01-.863 1.177l-.269.042a1.177 1.177 0 01-1.178-.864l-.04-.268-.208-5.555a1.181 1.181 0 01-.004-.246v.086a1.177 1.177 0 011.18-1.22zm-4.85-1.875a1.176 1.176 0 11-.265 2.337 8.54 8.54 0 00-7.996 3.625c-2.291 3.31-2.03 7.804.44 10.788l-.107-2.961a1.177 1.177 0 01.863-1.178l.268-.041a1.177 1.177 0 011.178.863l.041.268.214 5.714a1.177 1.177 0 01-1.18 1.22l-.283-.036-5.544-1.394a1.176 1.176 0 01.305-2.317l.269.035 1.451.366c-2.453-3.736-2.51-8.824.151-12.666a10.891 10.891 0 0110.196-4.623zm-47.3-6.634c-4.055 0-7.741 2.11-9.84 5.51-.257.417-.745.63-1.225.537a8.625 8.625 0 00-10.302 8.459 8.624 8.624 0 008.625 8.625c1.9 0 3.706-.623 5.201-1.757a1.176 1.176 0 011.343-.054 11.483 11.483 0 006.197 1.81c2.846 0 5.526-1.036 7.628-2.889a1.176 1.176 0 011.723.182 6.64 6.64 0 005.351 2.708 6.663 6.663 0 006.665-6.665 6.664 6.664 0 00-6.665-6.665 6.62 6.62 0 00-1.896.28 1.176 1.176 0 01-1.488-.887 11.566 11.566 0 00-11.318-9.194zm-24.232-12.16c.542.126.91.607.911 1.141l-.03.27-.69 2.99a1.176 1.176 0 01-2.323-.26l.03-.27.691-2.99a1.176 1.176 0 011.41-.88zm11.142-1.183l.17.212 1.724 2.76a1.176 1.176 0 01-1.826 1.459l-.169-.212-1.725-2.76a1.176 1.176 0 011.826-1.459zm.907-13.796l-.016.006A57.244 57.244 0 0020.718 17.81c1.096.949 2.318 1.37 3.979 1.753a9.563 9.563 0 0011.468-7.167c.411-1.778.408-3.265-.11-4.823zm47.78 3.683a3.92 3.92 0 11-7.538 2.161 3.92 3.92 0 017.537-2.16zm7.84 0a3.92 3.92 0 11-7.537 2.161 3.92 3.92 0 017.538-2.16zm7.842 0a3.92 3.92 0 11-7.538 2.161 3.92 3.92 0 017.538-2.16zm-59.222.919l.27.03 2.99.69a1.176 1.176 0 01-.26 2.323l-.27-.03-2.99-.69a1.176 1.176 0 01.26-2.323zm39.339-1.346a1.568 1.568 0 10.864 3.015 1.568 1.568 0 00-.864-3.015zm7.84 0a1.568 1.568 0 10.865 3.015 1.568 1.568 0 00-.864-3.015zm7.842 0a1.568 1.568 0 10.864 3.015 1.568 1.568 0 00-.864-3.015z"
              fill="#e9eaec"
              fillRule="nonzero"
              opacity=".9"
            />
          </svg>
          <label
            color="#e9eaec"
          >
            Carbon Cycle & Ecosystems
          </label>
        </a>
      </div>
    </div>
    <div
      data-cy="focus-content"
    >
      <label
        className="label___StyledLabel-sc-b3994k-0 JLqlD"
        data-cy="focus-content-label"
      >
        Geophysical Concept
      </label>
      <div
        className="focus-section__FocusContent-sc-tyy683-0 hhthVO"
      >
        <div
          className="button__Clickable-sc-1yw7vig-0 button___StyledClickable-sc-1yw7vig-2 fRqvWm kUpNvF"
        >
          <a
            data-cy="geophysical-concept-link"
            href="/explore/campaigns"
            state={
              {
                "selectedFilterId": "f1bd646f-876f-4e9f-896e-f7d4571ecc00",
              }
            }
          >
            Carbon Cycle & Ecosystems
          </a>
        </div>
      </div>
    </div>
    <div
      data-cy="focus-content"
    >
      <label
        className="label___StyledLabel-sc-b3994k-0 JLqlD"
        data-cy="focus-content-label"
      >
        Focus Phenomena
      </label>
      <div
        className="focus-section__FocusContent-sc-tyy683-0 hhthVO"
      >
        <div
          className="chip___StyledDiv-sc-4ga8fx-0 fAohBv"
          data-cy="focus-phenomena-chip"
        >
          <small
            title=""
          >
            TEST STRING A
          </small>
        </div>
        <div
          className="chip___StyledDiv-sc-4ga8fx-0 fAohBv"
          data-cy="focus-phenomena-chip"
        >
          <small
            title=""
          >
            TEST STRING B
          </small>
        </div>
      </div>
    </div>
    <div
      data-cy="focus-content"
    >
      <label
        className="label___StyledLabel-sc-b3994k-0 JLqlD"
        data-cy="focus-content-label"
      >
        Supported NASA Missions
      </label>
      <div
        className="focus-section__FocusContent-sc-tyy683-0 hhthVO"
      >
        <div
          className="chip___StyledDiv-sc-4ga8fx-0 fAohBv"
          data-cy="focus-mission-chip"
        >
          <small
            title=""
          >
            TEST STRING A
          </small>
        </div>
        <div
          className="chip___StyledDiv-sc-4ga8fx-0 fAohBv"
          data-cy="focus-mission-chip"
        >
          <small
            title=""
          >
            TEST STRING B
          </small>
        </div>
      </div>
    </div>
  </div>
</section>
`;
