// Jest Snapshot v1, https://goo.gl/fbAQLP

exports[`Platform Section displays content 1`] = `
.c0 {
  display: grid;
  grid-template-columns: repeat(12,1fr);
  -webkit-column-gap: 1rem;
  column-gap: 1rem;
  margin-top: 5rem;
  border-top: 55px solid transparent;
  position: relative;
  -webkit-background-clip: padding-box;
  -moz-background-clip: padding;
  background-clip: padding-box;
}

.c1 {
  grid-column: 1 / span 12;
}

<section
  className="c0"
  data-cy="platform-section"
  id="platform"
>
  <div
    style={
      Object {
        "alignSelf": "end",
        "gridColumn": "1 / span 7",
      }
    }
  >
    <h2>
      Platforms & Instruments
    </h2>
  </div>
  <div
    className="c1"
  >
    <div
      data-cy="platform-carousel"
    >
      <div
        data-test="mocked-nuka-carousel"
      >
        <div
          data-cy="platform"
          style={
            Object {
              "minHeight": "360px",
            }
          }
        >
          <a
            href="/platform/d59b3d7e-f782-4e25-a8eb-ceec91c0331e"
          >
            <div
              style={
                Object {
                  "marginRight": "1rem",
                  "position": "relative",
                }
              }
            >
              <img />
              <label
                data-cy="platform-image-caption"
                style={
                  Object {
                    "bottom": "2.5rem",
                    "color": "hsla(0,0%,100%,0.9)",
                    "fontWeight": "bold",
                    "left": "1rem",
                    "maxWidth": "18rem",
                    "position": "absolute",
                    "textShadow": "1px 1px rgba(0,0,0,0.8)",
                    "textTransform": "uppercase",
                  }
                }
              >
                Douglas DC-8
              </label>
            </div>
          </a>
        </div>
        <div
          data-cy="platform"
          style={
            Object {
              "minHeight": "360px",
            }
          }
        >
          <a
            href="/platform/1b607095-4f6d-4e70-8e16-798bc59a2d59"
          >
            <div
              style={
                Object {
                  "marginRight": "1rem",
                  "position": "relative",
                }
              }
            >
              <img />
              <label
                data-cy="platform-image-caption"
                style={
                  Object {
                    "bottom": "2.5rem",
                    "color": "hsla(0,0%,100%,0.9)",
                    "fontWeight": "bold",
                    "left": "1rem",
                    "maxWidth": "18rem",
                    "position": "absolute",
                    "textShadow": "1px 1px rgba(0,0,0,0.8)",
                    "textTransform": "uppercase",
                  }
                }
              >
                Beechcraft King Air B-200
              </label>
            </div>
          </a>
        </div>
        <div
          data-cy="platform"
          style={
            Object {
              "minHeight": "360px",
            }
          }
        >
          <a
            href="/platform/2084ab0c-4f18-4aa6-ad7b-70bc861d2d80"
          >
            <div
              style={
                Object {
                  "marginRight": "1rem",
                  "position": "relative",
                }
              }
            >
              <img />
              <label
                data-cy="platform-image-caption"
                style={
                  Object {
                    "bottom": "2.5rem",
                    "color": "hsla(0,0%,100%,0.9)",
                    "fontWeight": "bold",
                    "left": "1rem",
                    "maxWidth": "18rem",
                    "position": "absolute",
                    "textShadow": "1px 1px rgba(0,0,0,0.8)",
                    "textTransform": "uppercase",
                  }
                }
              >
                P-3 Orion
              </label>
            </div>
          </a>
        </div>
      </div>
    </div>
  </div>
</section>
`;
