// Jest Snapshot v1, https://goo.gl/fbAQLP

exports[`Footer renders correctly 1`] = `
<footer
  className="footer___StyledFooter-sc-p4lrvs-2 cGcFws"
  data-cy="page-footer"
>
  <div
    className="footer___StyledDiv-sc-p4lrvs-3 kmmlRY"
  >
    <div
      className="footer___StyledDiv2-sc-p4lrvs-4 fpHYhn"
    >
      <div
        className="footer___StyledDiv3-sc-p4lrvs-5 kSPGQC"
        data-cy="footer-title"
      >
        NASA | CASEI
      </div>
      <p
        data-cy="footer-subtitle"
      >
        NASA | CASEI
         is a comprehensive inventory containing information about all airborne and field campaigns as well as aircrafts, instruments, and data products.
      </p>
    </div>
    <div
      className="footer___StyledDiv4-sc-p4lrvs-6 fycoEG"
      data-cy="footer-explore"
    >
      <p
        className="footer__Headline-sc-p4lrvs-1 iPAYtX"
      >
        Explore
      </p>
      <ul
        className="footer__Ul-sc-p4lrvs-0 jeVWCo"
      >
        <li>
          <a
            data-cy="footer-campaigns-link"
            href="/explore/campaigns"
          >
            Campaigns
          </a>
        </li>
        <li>
          <a
            data-cy="footer-platforms-link"
            href="/explore/platforms"
          >
            Platforms
          </a>
        </li>
        <li>
          <a
            data-cy="footer-instruments-link"
            href="/explore/instruments"
          >
            Instruments
          </a>
        </li>
      </ul>
    </div>
    <div
      className="footer___StyledDiv5-sc-p4lrvs-7 evZOCQ"
      data-cy="footer-resources"
    >
      <p
        className="footer__Headline-sc-p4lrvs-1 iPAYtX"
      >
        Resources
      </p>
      <ul
        className="footer__Ul-sc-p4lrvs-0 jeVWCo"
      >
        <li>
          <a
            href="/glossary/"
          >
            Glossary
          </a>
        </li>
      </ul>
    </div>
    <div
      className="footer___StyledDiv6-sc-p4lrvs-8 cEqsNm"
      data-cy="footer-quick-links"
    >
      <p
        className="footer__Headline-sc-p4lrvs-1 iPAYtX"
      >
        Quick Links
      </p>
      <ul
        className="footer__Ul-sc-p4lrvs-0 jeVWCo"
      >
        <li>
          <a
            href="/about/"
          >
            About
          </a>
        </li>
        <li>
          <a
            href="/contact/"
          >
            Contact us
          </a>
        </li>
      </ul>
    </div>
    <div
      className="footer___StyledDiv7-sc-p4lrvs-9 kpfgRL"
      data-cy="footer-organizations"
    >
      <p
        className="footer__Headline-sc-p4lrvs-1 iPAYtX"
      >
        Organizations
      </p>
      <ul
        className="footer__Ul-sc-p4lrvs-0 jeVWCo"
      >
        <li>
          <a
            className="external-link___StyledA-sc-3ezy1s-0 gkvKxb"
            data-cy="admg-website-link"
            href="https://earthdata.nasa.gov/esds/impact/admg"
            rel="noopener noreferrer"
            target="_blank"
          >
            <svg
              height="16"
              role="img"
              version="1.1"
              viewBox="0 0 16 16"
              width="16"
              xmlns="http://www.w3.org/2000/svg"
            >
              <title>
                External Link
              </title>
              <rect
                fill="none"
                height="16"
                width="16"
              />
              <path
                d="M3,5h4V3H1v12h12V9h-2v4H3V5z M16,8V0L8,0v2h4.587L6.294,8.294l1.413,1.413L14,3.413V8H16z"
                fill="#aac9ff"
              />
            </svg>
            <span
              className="external-link___StyledSpan-sc-3ezy1s-1 dsTrIQ"
            >
              ADMG Website
            </span>
          </a>
        </li>
        <li>
          <a
            className="external-link___StyledA-sc-3ezy1s-0 gkvKxb"
            data-cy="impact-website-link"
            href="https://earthdata.nasa.gov/esds/impact"
            rel="noopener noreferrer"
            target="_blank"
          >
            <svg
              height="16"
              role="img"
              version="1.1"
              viewBox="0 0 16 16"
              width="16"
              xmlns="http://www.w3.org/2000/svg"
            >
              <title>
                External Link
              </title>
              <rect
                fill="none"
                height="16"
                width="16"
              />
              <path
                d="M3,5h4V3H1v12h12V9h-2v4H3V5z M16,8V0L8,0v2h4.587L6.294,8.294l1.413,1.413L14,3.413V8H16z"
                fill="#aac9ff"
              />
            </svg>
            <span
              className="external-link___StyledSpan-sc-3ezy1s-1 dsTrIQ"
            >
              IMPACT Website
            </span>
          </a>
        </li>
      </ul>
    </div>
    <hr
      className="footer___StyledHr-sc-p4lrvs-10 jvDRwT"
    />
    <div
      className="footer___StyledDiv8-sc-p4lrvs-11 kKvbqd"
    >
      <div
        className="footer___StyledDiv9-sc-p4lrvs-12 dHrcKm"
      >
        <a
          aria-label="Visit nasa.gov (opens in a new window)"
          href="https://www.nasa.gov"
          rel="noopener noreferrer"
          target="_blank"
        />
        <div
          data-cy="footer-credits"
        >
          <div
            data-cy="footer-credit-org"
          >
            National Aeronautics and Space Administration
          </div>
          <div
            data-cy="footer-credit-official"
          >
            NASA Official:
             
            <span
              className="footer___StyledSpan-sc-p4lrvs-13 bZyauv"
            >
              Rahul Ramachandran
            </span>
          </div>
        </div>
      </div>
    </div>
  </div>
  <div
    className="footer___StyledDiv10-sc-p4lrvs-14 ilnZJ"
    data-cy="footer-credit-devseed"
  >
    Â© 
    2023
    , Built by
     
    <a
      className="external-link___StyledA-sc-3ezy1s-0 gkvKxb"
      data-cy="devseed-website-link"
      href="https://www.developmentseed.org"
      rel="noopener noreferrer"
      target="_blank"
    >
      <svg
        height="16"
        role="img"
        version="1.1"
        viewBox="0 0 16 16"
        width="16"
        xmlns="http://www.w3.org/2000/svg"
      >
        <title>
          External Link
        </title>
        <rect
          fill="none"
          height="16"
          width="16"
        />
        <path
          d="M3,5h4V3H1v12h12V9h-2v4H3V5z M16,8V0L8,0v2h4.587L6.294,8.294l1.413,1.413L14,3.413V8H16z"
          fill="#aac9ff"
        />
      </svg>
      <span
        className="external-link___StyledSpan-sc-3ezy1s-1 dsTrIQ"
      >
        Development Seed
      </span>
    </a>
    .
  </div>
</footer>
`;
