// Jest Snapshot v1, https://goo.gl/fbAQLP

exports[`Map renders correctly 1`] = `
<div
  className="map___StyledDiv-sc-j9lea3-0 iORfhW"
  data-cy="mapboxgl-map"
/>
`;
